source sml "d/a.sml"
  import structure C D 
  export structure A ;

