source sml "d/b.sml"
  import structure B 
  export structure H ;

