source sml "d/c.sml"
  import structure B 
  export structure A H ;

