source sml "d/d.sml"
  import structure A B 
  export structure T ;

