source sml "d/f.sml"
  import structure B 
  export structure A ;

