source sml "d/s.sig"
  import structure MN 
  import signature MODULE_DECLS 
  export signature SCOPES ;

