source sml "d/t.sig"
  import structure A MN X 
  import signature MODULE_DECLS MORE 
  export signature SCOPES ;

