source sml "d/try.sml"
  import structure A 
  export structure D E G 
  export signature A B 
  export functor F ;

