source sml "c/a0.sml"
  export structure A B C D E ;

