source sml "c/a1.sml"
  export structure A B C D E F X ;

