source sml "c/a2.sml"
  export structure A B C D E ;

