source sml "c/analyze.sml"
  import structure Parse Scopes 
  import functor TraverseFun 
  export structure Traverse a ;

