source sml "c/b0.sml"
  export structure B K L W 
  export signature A 
  export functor F G ;

