source sml "c/ba.sml"
  import signature A 
  export functor G ;

