source sml "c/bb.sml"
  import signature A 
  export functor G ;

