source sml "c/bc.sml"
  import signature A 
  export functor G ;

