source sml "c/why.sml"
  import functor F 
  export structure A ;

