source sml "a/a1.sml"
  import structure B C D 
  import signature A 
  export functor F ;

