source sml "a/b1.sml"
  import structure A B C D 
  import signature A 
  export structure F 
  export functor F ;

