source sml "a/b2.sml"
  export structure A 
  export signature A ;

