source sml "a/b3.sml"
  export structure A 
  export signature A ;

