source sml "a/bx.sml"
  import structure B F 
  export structure S ;

