source sml "a/c1.sml"
  import structure B C D 
  import signature A 
  export signature F ;

