source sml "a/d1.sml"
  import structure B C D 
  import signature A 
  export functor F ;

