source sml "a/z2.sml"
  import structure B C D 
  import signature A 
  export functor F ;

