source sml "b/x.sml"
  import structure A 
  export structure B ;

