source sml "b/x1.sml"
  import structure A B 
  export structure A B ;

