source sml "b/x2.sml"
  import structure A 
  export structure A B ;

