source sml "b/x3.sml"
  import structure A 
  export structure A B ;

