source sml "b/x4.sml"
  import signature A 
  export signature A B ;

