source sml "b/x5.sml"
  import signature A B 
  export signature A B ;

