source sml "b/x6.sml"
  import structure B 
  export structure A ;

