source sml "b/xa.sml"
  import structure A1 B1 
  export structure A B C ;

