source sml "e/a.sml"
  export signature A GS 
  export functor AA G 
  export fsig FS ;

