source sml "e/b.sml"
  export signature A 
  export functor AA F 
  export fsig FS ;

