source sml "e/c.sml"
  import signature A B Q 
  export functor F ;

