source sml "e/d.sml"
  export structure AF Y 
  export signature A B 
  export functor AA F 
  export fsig FS ;

