source sml "e/e.sml"
  export structure AF CC Y 
  export signature A B C 
  export functor AA F 
  export fsig FS ;

