source sml "e/f.sml"
  export structure AF CC XX Y 
  export signature A B C 
  export functor AA F 
  export fsig FS ;

